
Roland — 134 with no manual, 93 answering
     walked 150 page(s)
   0 PDFs seen, 0 gap(s) filled
   recorded 0 new document(s)

Korg — 88 with no manual, 85 answering
     walked 150 page(s)
   7 PDFs seen, 3 gap(s) filled
   recorded 6 new document(s)

Yamaha — 44 with no manual, 73 answering
   skipped: declines_automated_access

Arturia — 23 with no manual, 61 answering
     page https://www.arturia.com/support/downloads: 404 Not Found
   error: blocked: robots.txt disallows https://www.arturia.com/support/register-your-product

Behringer — 18 with no manual, 34 answering
     page https://www.behringer.com/downloads.html: 404 Not Found
     walked 22 page(s)
   0 PDFs seen, 0 gap(s) filled
   recorded 0 new document(s)

Fender — 18 with no manual, 25 answering
   skipped: declines_automated_access

Moog — 9 with no manual, 17 answering
     page https://www.moogmusic.com/products: 404 Not Found
     walked 7 page(s)
   0 PDFs seen, 0 gap(s) filled
   recorded 0 new document(s)

Tascam — 9 with no manual, 9 answering
   skipped: declines_automated_access
