  --    Access Virus TI
  --    Nord Lead A1
  --    Akai MPC 2000XL
  --    Roland TR-8S
  --    Rane Seventy-Two
  --    AKG C414 XLS
  --    Neumann TLM 103
  --    Yamaha HS8
  --    ADAM Audio A5X
  --    Focal Alpha 65
  --    Focusrite Scarlett 2i2 (2nd Gen)
  --    RME Babyface Pro FS
  --    Tascam DR-40X
  --    Fender Blues Junior IV
  --    Boss DD-7
  --    Mutable Instruments Plaits
  --    4ms Ensemble Oscillator
  --    Roland RD-2000
  --    Nord Stage 3
  --    Kawai ES520
  --    Casio PX-870
  --    Fender Mustang GTX
  --    Boss DS-1
  --    Behringer X32 Compact
  --    Sennheiser HD 600
  --    Arturia KeyStep Pro
  --    Arturia BeatStep Pro
  --    Tascam DR-100mkIII

35 of 63 now have an image
