[Moog] sitemap: 42 urls
  ok    Moog Sub 37                       https://cdn.builder.io/api/v1/image/assets%2F47c5d023e7b3451
  ok    Moog Minimoog Model D             https://cdn.builder.io/api/v1/image/assets%2F47c5d023e7b3451
  ok    Moog Matriarch                    https://cdn.builder.io/api/v1/image/assets%2F47c5d023e7b3451
[Arturia] sitemap: 5846 urls
  ok    Arturia MiniBrute 2               https://medias.arturia.net/images/products/minibrute-2/catal
  ok    Arturia PolyBrute 12              https://medias.arturia.net/images/products/polybrute-12/cata
  ok    Arturia MicroFreak                https://medias.arturia.net/images/products/microfreak-stella
[Korg] sitemap: 0 urls
  --    Korg Minilogue XD  (no sitemap)
[Sequential] sitemap: 726 urls
  ok    Sequential Prophet-6              https://wordpress-944308-5271543.cloudwaysapps.com/wp-conten
[ASM] sitemap: 76 urls
  ok    ASM Hydrasynth Explorer           https://static.wixstatic.com/media/4775e0_bc2ac074f19049959f
[Access] sitemap: 0 urls
  --    Access Virus TI  (no sitemap)
[Roland] sitemap: 0 urls
  --    Roland JUNO-D  (no sitemap)
[Nord] sitemap: 0 urls
  --    Nord Lead A1  (no sitemap)
[Elektron] sitemap: 396 urls
  ok    Elektron Digitakt                 https://www.elektron.se/wp-content/uploads/2024/08/elektron-
  ok    Elektron Digitone                 https://www.elektron.se/wp-content/uploads/2024/10/Digitone-
  ok    Elektron Octatrack MKII           https://www.elektron.se/wp-content/uploads/2024/05/octatrack
  ok    Elektron Analog Rytm MKII         https://www.elektron.se/wp-content/uploads/2024/05/analog-ry
[Akai] sitemap: 61 urls
  ok    Akai MPC One                      https://cdn.builder.io/api/v1/image/assets%2F47c5d023e7b3451
  --    Akai MPC 2000XL  (no match)
[Novation] sitemap: 0 urls
  --    Novation Circuit Rhythm  (no sitemap)
  --    Roland TR-8S  (no sitemap)
[Teenage Engineering] sitemap: 0 urls
  --    Teenage Engineering PO-33  (no sitemap)
[Allen & Heath] sitemap: 1788 urls
  ok    Allen & Heath Xone:96             https://www.allen-heath.com/content/uploads/2023/01/Xone-96-
[Rane] sitemap: 61 urls
  --    Rane Seventy-Two  (no match)
[Shure] sitemap: 2012 urls
  ok    Shure SM7B                        https://shure.widen.net/content/om4jhh5qud/webp/sm7b-or-sm7d
  ok    Shure SM58                        https://products.shureweb.eu/shure_product_db/product_main_i
[AKG] sitemap: 0 urls
  --    AKG C414 XLS  (no sitemap)
[Audio-Technica] sitemap: 0 urls
  --    Audio-Technica AT2020  (no sitemap)
[Neumann] sitemap: 0 urls
  --    Neumann TLM 103  (no sitemap)
[Yamaha] sitemap: 0 urls
  --    Yamaha HS8  (no sitemap)
[ADAM] sitemap: 2591 urls
  --    ADAM Audio A5X  (no match)
[Genelec] sitemap: 432 urls
  ok    Genelec 8030C                     http://images.ctfassets.net/4zjnzn055a4v/3nWyTobnmNcNb47N7h3
[Focal] sitemap: 5862 urls
  --    Focal Alpha 65  (no match)
[Focusrite] sitemap: 0 urls
  --    Focusrite Scarlett 2i2 (2nd Gen)  (no sitemap)
[RME] sitemap: 358 urls
  --    RME Babyface Pro FS  (no match)
[PreSonus] sitemap: 325 urls
  ok    PreSonus Studio 24c               https://www.presonus.com/cdn/shop/files/2777700403_pre_int_f
[Tascam] sitemap: 0 urls
  --    Tascam DR-40X  (no sitemap)
[Fender] sitemap: 0 urls
  --    Fender Blues Junior IV  (no sitemap)
[Eventide] sitemap: 21 urls
  ok    Eventide H9                       https://cdn.eventideaudio.com/uploads/2014/07/OX9-pre-order-
[Chase Bliss] sitemap: 109 urls
  ok    Chase Bliss Mood                  http://static1.squarespace.com/static/622176a9b8d15d57ffbf57
[Boss] sitemap: 0 urls
  --    Boss DD-7  (no sitemap)
[Mutable Instruments] sitemap: 0 urls
  --    Mutable Instruments Plaits  (no sitemap)
[Erica Synths] sitemap: 0 urls
  --    Erica Synths Pico System  (no sitemap)
[4ms] sitemap: 0 urls
  --    4ms Ensemble Oscillator  (no sitemap)
[Ableton] sitemap: 2697 urls
  ok    Ableton Push 3                    https://beta-ableton.imgix.net/media/x4jlr5tt/still-from-hea
  --    Roland RD-2000  (no sitemap)
  --    Nord Stage 3  (no sitemap)
[Kawai] sitemap: 659 urls
  --    Kawai ES520  (no match)
[Casio] sitemap: 7582 urls
  --    Casio PX-870  (no match)
  ok    Allen & Heath Qu-16               https://www.allen-heath.com/content/uploads/2023/01/Qu-16-Fr
  --    Fender Mustang GTX  (no sitemap)
  --    Boss GT-1000  (no sitemap)
  --    Boss DS-1  (no sitemap)
[Strymon] sitemap: 1216 urls
  ok    Strymon El Capistan               https://www.strymon.net/wp-content/uploads/2014/05/elcapista
[Electro-Harmonix] sitemap: 1130 urls
  ok    Electro-Harmonix Memory Man       https://www.ehx.com/wp-content/uploads/2020/10/DMM_2022_03.j
[Behringer] sitemap: 84 urls
  --    Behringer X32 Compact  (no match)
  ok    Allen & Heath ZED-14              https://www.allen-heath.com/content/uploads/2023/02/ZED-Mini
  --    Audio-Technica ATH-M50x  (no sitemap)
[Sennheiser] sitemap: 0 urls
  --    Sennheiser HD 600  (no sitemap)
  --    Korg Volca Bass  (no sitemap)
  --    Arturia KeyStep Pro  (no match)
  --    Arturia BeatStep Pro  (no match)
  --    Teenage Engineering OP-1 Field  (no sitemap)
  --    Tascam DR-100mkIII  (no sitemap)

25 of 63 resolved to a maker photograph
